// Jest Snapshot v1, https://goo.gl/fbAQLP

exports[`Product Overview should render my component 1`] = `ShallowWrapper {}`;
