// Jest Snapshot v1, https://goo.gl/fbAQLP

exports[`Size Selectore should render my component 1`] = `ShallowWrapper {}`;
