// Jest Snapshot v1, https://goo.gl/fbAQLP

exports[`Quantity Selector should render my component 1`] = `ShallowWrapper {}`;
