// Jest Snapshot v1, https://goo.gl/fbAQLP

exports[`Product Style Selector should render my component 1`] = `ShallowWrapper {}`;
