// Jest Snapshot v1, https://goo.gl/fbAQLP

exports[`Product Category and Title should render my component 1`] = `ShallowWrapper {}`;
