// Jest Snapshot v1, https://goo.gl/fbAQLP

exports[`Product Thumbnail Bar should render my component 1`] = `ShallowWrapper {}`;
