// Jest Snapshot v1, https://goo.gl/fbAQLP

exports[`CarouselCard CarouselCard component renders correctly 1`] = `ShallowWrapper {}`;
