// Jest Snapshot v1, https://goo.gl/fbAQLP

exports[`Product Image Gallery should render my component 1`] = `ShallowWrapper {}`;
