// Jest Snapshot v1, https://goo.gl/fbAQLP

exports[`ratings and reviews it renders correctly 1`] = `ShallowWrapper {}`;
