// Jest Snapshot v1, https://goo.gl/fbAQLP

exports[`rating summary:  it renders correctly 1`] = `ShallowWrapper {}`;
