// Jest Snapshot v1, https://goo.gl/fbAQLP

exports[`"more reviews" button:  it renders a button 1`] = `ShallowWrapper {}`;
