// Jest Snapshot v1, https://goo.gl/fbAQLP

exports[`Product Image Expanded View should render my component 1`] = `ShallowWrapper {}`;
