// Jest Snapshot v1, https://goo.gl/fbAQLP

exports[`RelatedProductsCarousel RelatedProductsCarousel component renders correctly 1`] = `ShallowWrapper {}`;
